{"sessionId": "debug-session", "runId": "pre-fix", "hypothesisId": "H3", "location": "shors-alg.ipynb:build_shor_circuit_for_15", "message": "applying controlled multiplication", "data": {"a": 2, "j": 0, "t": 4}, "timestamp": 1769501976272}
{"sessionId": "debug-session", "runId": "pre-fix", "hypothesisId": "H1", "location": "shors-alg.ipynb:c_amod15", "message": "computed exponent", "data": {"a": 2, "power": 0, "exponent": 2}, "timestamp": 1769501976274}
{"sessionId": "debug-session", "runId": "pre-fix", "hypothesisId": "H3", "location": "shors-alg.ipynb:build_shor_circuit_for_15", "message": "applying controlled multiplication", "data": {"a": 2, "j": 1, "t": 4}, "timestamp": 1769501976280}
{"sessionId": "debug-session", "runId": "pre-fix", "hypothesisId": "H1", "location": "shors-alg.ipynb:c_amod15", "message": "computed exponent", "data": {"a": 2, "power": 1, "exponent": 4}, "timestamp": 1769501976282}
{"sessionId": "debug-session", "runId": "pre-fix", "hypothesisId": "H3", "location": "shors-alg.ipynb:build_shor_circuit_for_15", "message": "applying controlled multiplication", "data": {"a": 2, "j": 2, "t": 4}, "timestamp": 1769501976287}
{"sessionId": "debug-session", "runId": "pre-fix", "hypothesisId": "H1", "location": "shors-alg.ipynb:c_amod15", "message": "computed exponent", "data": {"a": 2, "power": 2, "exponent": 1}, "timestamp": 1769501976288}
{"sessionId": "debug-session", "runId": "post-fix", "hypothesisId": "H5", "location": "shors-alg.ipynb:c_amod15", "message": "identity exponent branch taken", "data": {"a": 2, "power": 2, "exponent": 1}, "timestamp": 1769501976288}
{"sessionId": "debug-session", "runId": "pre-fix", "hypothesisId": "H3", "location": "shors-alg.ipynb:build_shor_circuit_for_15", "message": "applying controlled multiplication", "data": {"a": 2, "j": 3, "t": 4}, "timestamp": 1769501976291}
{"sessionId": "debug-session", "runId": "pre-fix", "hypothesisId": "H1", "location": "shors-alg.ipynb:c_amod15", "message": "computed exponent", "data": {"a": 2, "power": 3, "exponent": 1}, "timestamp": 1769501976291}
{"sessionId": "debug-session", "runId": "post-fix", "hypothesisId": "H5", "location": "shors-alg.ipynb:c_amod15", "message": "identity exponent branch taken", "data": {"a": 2, "power": 3, "exponent": 1}, "timestamp": 1769501976292}
{"sessionId": "debug-session", "runId": "pre-fix", "hypothesisId": "H3", "location": "shors-alg.ipynb:build_shor_circuit_for_15", "message": "applying controlled multiplication", "data": {"a": 13, "j": 0, "t": 8}, "timestamp": 1769501976351}
{"sessionId": "debug-session", "runId": "pre-fix", "hypothesisId": "H1", "location": "shors-alg.ipynb:c_amod15", "message": "computed exponent", "data": {"a": 13, "power": 0, "exponent": 13}, "timestamp": 1769501976352}
{"sessionId": "debug-session", "runId": "pre-fix", "hypothesisId": "H3", "location": "shors-alg.ipynb:build_shor_circuit_for_15", "message": "applying controlled multiplication", "data": {"a": 13, "j": 1, "t": 8}, "timestamp": 1769501976363}
{"sessionId": "debug-session", "runId": "pre-fix", "hypothesisId": "H1", "location": "shors-alg.ipynb:c_amod15", "message": "computed exponent", "data": {"a": 13, "power": 1, "exponent": 4}, "timestamp": 1769501976365}
{"sessionId": "debug-session", "runId": "pre-fix", "hypothesisId": "H3", "location": "shors-alg.ipynb:build_shor_circuit_for_15", "message": "applying controlled multiplication", "data": {"a": 13, "j": 2, "t": 8}, "timestamp": 1769501976368}
{"sessionId": "debug-session", "runId": "pre-fix", "hypothesisId": "H1", "location": "shors-alg.ipynb:c_amod15", "message": "computed exponent", "data": {"a": 13, "power": 2, "exponent": 1}, "timestamp": 1769501976368}
{"sessionId": "debug-session", "runId": "post-fix", "hypothesisId": "H5", "location": "shors-alg.ipynb:c_amod15", "message": "identity exponent branch taken", "data": {"a": 13, "power": 2, "exponent": 1}, "timestamp": 1769501976368}
{"sessionId": "debug-session", "runId": "pre-fix", "hypothesisId": "H3", "location": "shors-alg.ipynb:build_shor_circuit_for_15", "message": "applying controlled multiplication", "data": {"a": 13, "j": 3, "t": 8}, "timestamp": 1769501976374}
{"sessionId": "debug-session", "runId": "pre-fix", "hypothesisId": "H1", "location": "shors-alg.ipynb:c_amod15", "message": "computed exponent", "data": {"a": 13, "power": 3, "exponent": 1}, "timestamp": 1769501976374}
{"sessionId": "debug-session", "runId": "post-fix", "hypothesisId": "H5", "location": "shors-alg.ipynb:c_amod15", "message": "identity exponent branch taken", "data": {"a": 13, "power": 3, "exponent": 1}, "timestamp": 1769501976383}
{"sessionId": "debug-session", "runId": "pre-fix", "hypothesisId": "H3", "location": "shors-alg.ipynb:build_shor_circuit_for_15", "message": "applying controlled multiplication", "data": {"a": 13, "j": 4, "t": 8}, "timestamp": 1769501976386}
{"sessionId": "debug-session", "runId": "pre-fix", "hypothesisId": "H1", "location": "shors-alg.ipynb:c_amod15", "message": "computed exponent", "data": {"a": 13, "power": 4, "exponent": 1}, "timestamp": 1769501976387}
{"sessionId": "debug-session", "runId": "post-fix", "hypothesisId": "H5", "location": "shors-alg.ipynb:c_amod15", "message": "identity exponent branch taken", "data": {"a": 13, "power": 4, "exponent": 1}, "timestamp": 1769501976389}
{"sessionId": "debug-session", "runId": "pre-fix", "hypothesisId": "H3", "location": "shors-alg.ipynb:build_shor_circuit_for_15", "message": "applying controlled multiplication", "data": {"a": 13, "j": 5, "t": 8}, "timestamp": 1769501976395}
{"sessionId": "debug-session", "runId": "pre-fix", "hypothesisId": "H1", "location": "shors-alg.ipynb:c_amod15", "message": "computed exponent", "data": {"a": 13, "power": 5, "exponent": 1}, "timestamp": 1769501976397}
{"sessionId": "debug-session", "runId": "post-fix", "hypothesisId": "H5", "location": "shors-alg.ipynb:c_amod15", "message": "identity exponent branch taken", "data": {"a": 13, "power": 5, "exponent": 1}, "timestamp": 1769501976398}
{"sessionId": "debug-session", "runId": "pre-fix", "hypothesisId": "H3", "location": "shors-alg.ipynb:build_shor_circuit_for_15", "message": "applying controlled multiplication", "data": {"a": 13, "j": 6, "t": 8}, "timestamp": 1769501976401}
{"sessionId": "debug-session", "runId": "pre-fix", "hypothesisId": "H1", "location": "shors-alg.ipynb:c_amod15", "message": "computed exponent", "data": {"a": 13, "power": 6, "exponent": 1}, "timestamp": 1769501976403}
{"sessionId": "debug-session", "runId": "post-fix", "hypothesisId": "H5", "location": "shors-alg.ipynb:c_amod15", "message": "identity exponent branch taken", "data": {"a": 13, "power": 6, "exponent": 1}, "timestamp": 1769501976404}
{"sessionId": "debug-session", "runId": "pre-fix", "hypothesisId": "H3", "location": "shors-alg.ipynb:build_shor_circuit_for_15", "message": "applying controlled multiplication", "data": {"a": 13, "j": 7, "t": 8}, "timestamp": 1769501976406}
{"sessionId": "debug-session", "runId": "pre-fix", "hypothesisId": "H1", "location": "shors-alg.ipynb:c_amod15", "message": "computed exponent", "data": {"a": 13, "power": 7, "exponent": 1}, "timestamp": 1769501976407}
{"sessionId": "debug-session", "runId": "post-fix", "hypothesisId": "H5", "location": "shors-alg.ipynb:c_amod15", "message": "identity exponent branch taken", "data": {"a": 13, "power": 7, "exponent": 1}, "timestamp": 1769501976408}
{"sessionId": "debug-session", "runId": "order-finding", "hypothesisId": "H6", "location": "shors-alg.ipynb:run_shor_demo_on_15", "message": "phase estimate and counts", "data": {"attempt": 1, "a": 13, "t": 8, "best_bitstring": "10000000", "phase_estimate": 0.5, "shots": 4096}, "timestamp": 1769501978107}
{"sessionId": "debug-session", "runId": "pre-fix", "hypothesisId": "H3", "location": "shors-alg.ipynb:build_shor_circuit_for_15", "message": "applying controlled multiplication", "data": {"a": 2, "j": 0, "t": 8}, "timestamp": 1769501978108}
{"sessionId": "debug-session", "runId": "pre-fix", "hypothesisId": "H1", "location": "shors-alg.ipynb:c_amod15", "message": "computed exponent", "data": {"a": 2, "power": 0, "exponent": 2}, "timestamp": 1769501978108}
{"sessionId": "debug-session", "runId": "pre-fix", "hypothesisId": "H3", "location": "shors-alg.ipynb:build_shor_circuit_for_15", "message": "applying controlled multiplication", "data": {"a": 2, "j": 1, "t": 8}, "timestamp": 1769501978115}
{"sessionId": "debug-session", "runId": "pre-fix", "hypothesisId": "H1", "location": "shors-alg.ipynb:c_amod15", "message": "computed exponent", "data": {"a": 2, "power": 1, "exponent": 4}, "timestamp": 1769501978116}
{"sessionId": "debug-session", "runId": "pre-fix", "hypothesisId": "H3", "location": "shors-alg.ipynb:build_shor_circuit_for_15", "message": "applying controlled multiplication", "data": {"a": 2, "j": 2, "t": 8}, "timestamp": 1769501978121}
{"sessionId": "debug-session", "runId": "pre-fix", "hypothesisId": "H1", "location": "shors-alg.ipynb:c_amod15", "message": "computed exponent", "data": {"a": 2, "power": 2, "exponent": 1}, "timestamp": 1769501978121}
{"sessionId": "debug-session", "runId": "post-fix", "hypothesisId": "H5", "location": "shors-alg.ipynb:c_amod15", "message": "identity exponent branch taken", "data": {"a": 2, "power": 2, "exponent": 1}, "timestamp": 1769501978121}
{"sessionId": "debug-session", "runId": "pre-fix", "hypothesisId": "H3", "location": "shors-alg.ipynb:build_shor_circuit_for_15", "message": "applying controlled multiplication", "data": {"a": 2, "j": 3, "t": 8}, "timestamp": 1769501978121}
{"sessionId": "debug-session", "runId": "pre-fix", "hypothesisId": "H1", "location": "shors-alg.ipynb:c_amod15", "message": "computed exponent", "data": {"a": 2, "power": 3, "exponent": 1}, "timestamp": 1769501978121}
{"sessionId": "debug-session", "runId": "post-fix", "hypothesisId": "H5", "location": "shors-alg.ipynb:c_amod15", "message": "identity exponent branch taken", "data": {"a": 2, "power": 3, "exponent": 1}, "timestamp": 1769501978127}
{"sessionId": "debug-session", "runId": "pre-fix", "hypothesisId": "H3", "location": "shors-alg.ipynb:build_shor_circuit_for_15", "message": "applying controlled multiplication", "data": {"a": 2, "j": 4, "t": 8}, "timestamp": 1769501978131}
{"sessionId": "debug-session", "runId": "pre-fix", "hypothesisId": "H1", "location": "shors-alg.ipynb:c_amod15", "message": "computed exponent", "data": {"a": 2, "power": 4, "exponent": 1}, "timestamp": 1769501978132}
{"sessionId": "debug-session", "runId": "post-fix", "hypothesisId": "H5", "location": "shors-alg.ipynb:c_amod15", "message": "identity exponent branch taken", "data": {"a": 2, "power": 4, "exponent": 1}, "timestamp": 1769501978133}
{"sessionId": "debug-session", "runId": "pre-fix", "hypothesisId": "H3", "location": "shors-alg.ipynb:build_shor_circuit_for_15", "message": "applying controlled multiplication", "data": {"a": 2, "j": 5, "t": 8}, "timestamp": 1769501978136}
{"sessionId": "debug-session", "runId": "pre-fix", "hypothesisId": "H1", "location": "shors-alg.ipynb:c_amod15", "message": "computed exponent", "data": {"a": 2, "power": 5, "exponent": 1}, "timestamp": 1769501978137}
{"sessionId": "debug-session", "runId": "post-fix", "hypothesisId": "H5", "location": "shors-alg.ipynb:c_amod15", "message": "identity exponent branch taken", "data": {"a": 2, "power": 5, "exponent": 1}, "timestamp": 1769501978138}
{"sessionId": "debug-session", "runId": "pre-fix", "hypothesisId": "H3", "location": "shors-alg.ipynb:build_shor_circuit_for_15", "message": "applying controlled multiplication", "data": {"a": 2, "j": 6, "t": 8}, "timestamp": 1769501978140}
{"sessionId": "debug-session", "runId": "pre-fix", "hypothesisId": "H1", "location": "shors-alg.ipynb:c_amod15", "message": "computed exponent", "data": {"a": 2, "power": 6, "exponent": 1}, "timestamp": 1769501978144}
{"sessionId": "debug-session", "runId": "post-fix", "hypothesisId": "H5", "location": "shors-alg.ipynb:c_amod15", "message": "identity exponent branch taken", "data": {"a": 2, "power": 6, "exponent": 1}, "timestamp": 1769501978148}
{"sessionId": "debug-session", "runId": "pre-fix", "hypothesisId": "H3", "location": "shors-alg.ipynb:build_shor_circuit_for_15", "message": "applying controlled multiplication", "data": {"a": 2, "j": 7, "t": 8}, "timestamp": 1769501978150}
{"sessionId": "debug-session", "runId": "pre-fix", "hypothesisId": "H1", "location": "shors-alg.ipynb:c_amod15", "message": "computed exponent", "data": {"a": 2, "power": 7, "exponent": 1}, "timestamp": 1769501978151}
{"sessionId": "debug-session", "runId": "post-fix", "hypothesisId": "H5", "location": "shors-alg.ipynb:c_amod15", "message": "identity exponent branch taken", "data": {"a": 2, "power": 7, "exponent": 1}, "timestamp": 1769501978153}
{"sessionId": "debug-session", "runId": "order-finding", "hypothesisId": "H6", "location": "shors-alg.ipynb:run_shor_demo_on_15", "message": "phase estimate and counts", "data": {"attempt": 2, "a": 2, "t": 8, "best_bitstring": "00000000", "phase_estimate": 0.0, "shots": 4096}, "timestamp": 1769501978578}
{"sessionId": "debug-session", "runId": "pre-fix", "hypothesisId": "H3", "location": "shors-alg.ipynb:build_shor_circuit_for_15", "message": "applying controlled multiplication", "data": {"a": 2, "j": 0, "t": 8}, "timestamp": 1769501978578}
{"sessionId": "debug-session", "runId": "pre-fix", "hypothesisId": "H1", "location": "shors-alg.ipynb:c_amod15", "message": "computed exponent", "data": {"a": 2, "power": 0, "exponent": 2}, "timestamp": 1769501978578}
{"sessionId": "debug-session", "runId": "pre-fix", "hypothesisId": "H3", "location": "shors-alg.ipynb:build_shor_circuit_for_15", "message": "applying controlled multiplication", "data": {"a": 2, "j": 1, "t": 8}, "timestamp": 1769501978578}
{"sessionId": "debug-session", "runId": "pre-fix", "hypothesisId": "H1", "location": "shors-alg.ipynb:c_amod15", "message": "computed exponent", "data": {"a": 2, "power": 1, "exponent": 4}, "timestamp": 1769501978578}
{"sessionId": "debug-session", "runId": "pre-fix", "hypothesisId": "H3", "location": "shors-alg.ipynb:build_shor_circuit_for_15", "message": "applying controlled multiplication", "data": {"a": 2, "j": 2, "t": 8}, "timestamp": 1769501978597}
{"sessionId": "debug-session", "runId": "pre-fix", "hypothesisId": "H1", "location": "shors-alg.ipynb:c_amod15", "message": "computed exponent", "data": {"a": 2, "power": 2, "exponent": 1}, "timestamp": 1769501978598}
{"sessionId": "debug-session", "runId": "post-fix", "hypothesisId": "H5", "location": "shors-alg.ipynb:c_amod15", "message": "identity exponent branch taken", "data": {"a": 2, "power": 2, "exponent": 1}, "timestamp": 1769501978599}
{"sessionId": "debug-session", "runId": "pre-fix", "hypothesisId": "H3", "location": "shors-alg.ipynb:build_shor_circuit_for_15", "message": "applying controlled multiplication", "data": {"a": 2, "j": 3, "t": 8}, "timestamp": 1769501978600}
{"sessionId": "debug-session", "runId": "pre-fix", "hypothesisId": "H1", "location": "shors-alg.ipynb:c_amod15", "message": "computed exponent", "data": {"a": 2, "power": 3, "exponent": 1}, "timestamp": 1769501978601}
{"sessionId": "debug-session", "runId": "post-fix", "hypothesisId": "H5", "location": "shors-alg.ipynb:c_amod15", "message": "identity exponent branch taken", "data": {"a": 2, "power": 3, "exponent": 1}, "timestamp": 1769501978602}
{"sessionId": "debug-session", "runId": "pre-fix", "hypothesisId": "H3", "location": "shors-alg.ipynb:build_shor_circuit_for_15", "message": "applying controlled multiplication", "data": {"a": 2, "j": 4, "t": 8}, "timestamp": 1769501978604}
{"sessionId": "debug-session", "runId": "pre-fix", "hypothesisId": "H1", "location": "shors-alg.ipynb:c_amod15", "message": "computed exponent", "data": {"a": 2, "power": 4, "exponent": 1}, "timestamp": 1769501978604}
{"sessionId": "debug-session", "runId": "post-fix", "hypothesisId": "H5", "location": "shors-alg.ipynb:c_amod15", "message": "identity exponent branch taken", "data": {"a": 2, "power": 4, "exponent": 1}, "timestamp": 1769501978605}
{"sessionId": "debug-session", "runId": "pre-fix", "hypothesisId": "H3", "location": "shors-alg.ipynb:build_shor_circuit_for_15", "message": "applying controlled multiplication", "data": {"a": 2, "j": 5, "t": 8}, "timestamp": 1769501978607}
{"sessionId": "debug-session", "runId": "pre-fix", "hypothesisId": "H1", "location": "shors-alg.ipynb:c_amod15", "message": "computed exponent", "data": {"a": 2, "power": 5, "exponent": 1}, "timestamp": 1769501978607}
{"sessionId": "debug-session", "runId": "post-fix", "hypothesisId": "H5", "location": "shors-alg.ipynb:c_amod15", "message": "identity exponent branch taken", "data": {"a": 2, "power": 5, "exponent": 1}, "timestamp": 1769501978607}
{"sessionId": "debug-session", "runId": "pre-fix", "hypothesisId": "H3", "location": "shors-alg.ipynb:build_shor_circuit_for_15", "message": "applying controlled multiplication", "data": {"a": 2, "j": 6, "t": 8}, "timestamp": 1769501978611}
{"sessionId": "debug-session", "runId": "pre-fix", "hypothesisId": "H1", "location": "shors-alg.ipynb:c_amod15", "message": "computed exponent", "data": {"a": 2, "power": 6, "exponent": 1}, "timestamp": 1769501978611}
{"sessionId": "debug-session", "runId": "post-fix", "hypothesisId": "H5", "location": "shors-alg.ipynb:c_amod15", "message": "identity exponent branch taken", "data": {"a": 2, "power": 6, "exponent": 1}, "timestamp": 1769501978611}
{"sessionId": "debug-session", "runId": "pre-fix", "hypothesisId": "H3", "location": "shors-alg.ipynb:build_shor_circuit_for_15", "message": "applying controlled multiplication", "data": {"a": 2, "j": 7, "t": 8}, "timestamp": 1769501978611}
{"sessionId": "debug-session", "runId": "pre-fix", "hypothesisId": "H1", "location": "shors-alg.ipynb:c_amod15", "message": "computed exponent", "data": {"a": 2, "power": 7, "exponent": 1}, "timestamp": 1769501978611}
{"sessionId": "debug-session", "runId": "post-fix", "hypothesisId": "H5", "location": "shors-alg.ipynb:c_amod15", "message": "identity exponent branch taken", "data": {"a": 2, "power": 7, "exponent": 1}, "timestamp": 1769501978611}
{"sessionId": "debug-session", "runId": "order-finding", "hypothesisId": "H6", "location": "shors-alg.ipynb:run_shor_demo_on_15", "message": "phase estimate and counts", "data": {"attempt": 3, "a": 2, "t": 8, "best_bitstring": "11000000", "phase_estimate": 0.75, "shots": 4096}, "timestamp": 1769501978919}
{"sessionId": "debug-session", "runId": "order-finding", "hypothesisId": "H7", "location": "shors-alg.ipynb:run_shor_demo_on_15", "message": "found candidate order", "data": {"attempt": 3, "a": 2, "r": 4, "phase_estimate": 0.75}, "timestamp": 1769501978919}
{"sessionId": "debug-session", "runId": "pre-fix", "hypothesisId": "H3", "location": "shors-alg.ipynb:build_shor_circuit_for_15", "message": "applying controlled multiplication", "data": {"a": 2, "j": 0, "t": 4}, "timestamp": 1769501978949}
{"sessionId": "debug-session", "runId": "pre-fix", "hypothesisId": "H1", "location": "shors-alg.ipynb:c_amod15", "message": "computed exponent", "data": {"a": 2, "power": 0, "exponent": 2}, "timestamp": 1769501978949}
{"sessionId": "debug-session", "runId": "pre-fix", "hypothesisId": "H3", "location": "shors-alg.ipynb:build_shor_circuit_for_15", "message": "applying controlled multiplication", "data": {"a": 2, "j": 1, "t": 4}, "timestamp": 1769501978954}
{"sessionId": "debug-session", "runId": "pre-fix", "hypothesisId": "H1", "location": "shors-alg.ipynb:c_amod15", "message": "computed exponent", "data": {"a": 2, "power": 1, "exponent": 4}, "timestamp": 1769501978954}
{"sessionId": "debug-session", "runId": "pre-fix", "hypothesisId": "H3", "location": "shors-alg.ipynb:build_shor_circuit_for_15", "message": "applying controlled multiplication", "data": {"a": 2, "j": 2, "t": 4}, "timestamp": 1769501978958}
{"sessionId": "debug-session", "runId": "pre-fix", "hypothesisId": "H1", "location": "shors-alg.ipynb:c_amod15", "message": "computed exponent", "data": {"a": 2, "power": 2, "exponent": 1}, "timestamp": 1769501978960}
{"sessionId": "debug-session", "runId": "post-fix", "hypothesisId": "H5", "location": "shors-alg.ipynb:c_amod15", "message": "identity exponent branch taken", "data": {"a": 2, "power": 2, "exponent": 1}, "timestamp": 1769501978961}
{"sessionId": "debug-session", "runId": "pre-fix", "hypothesisId": "H3", "location": "shors-alg.ipynb:build_shor_circuit_for_15", "message": "applying controlled multiplication", "data": {"a": 2, "j": 3, "t": 4}, "timestamp": 1769501978964}
{"sessionId": "debug-session", "runId": "pre-fix", "hypothesisId": "H1", "location": "shors-alg.ipynb:c_amod15", "message": "computed exponent", "data": {"a": 2, "power": 3, "exponent": 1}, "timestamp": 1769501978965}
{"sessionId": "debug-session", "runId": "post-fix", "hypothesisId": "H5", "location": "shors-alg.ipynb:c_amod15", "message": "identity exponent branch taken", "data": {"a": 2, "power": 3, "exponent": 1}, "timestamp": 1769501978966}
{"sessionId": "debug-session", "runId": "pre-fix", "hypothesisId": "H3", "location": "shors-alg.ipynb:build_shor_circuit_for_15", "message": "applying controlled multiplication", "data": {"a": 2, "j": 0, "t": 4}, "timestamp": 1769502726761}
{"sessionId": "debug-session", "runId": "pre-fix", "hypothesisId": "H1", "location": "shors-alg.ipynb:c_amod15", "message": "computed exponent", "data": {"a": 2, "power": 0, "exponent": 2}, "timestamp": 1769502726764}
{"sessionId": "debug-session", "runId": "pre-fix", "hypothesisId": "H3", "location": "shors-alg.ipynb:build_shor_circuit_for_15", "message": "applying controlled multiplication", "data": {"a": 2, "j": 1, "t": 4}, "timestamp": 1769502726783}
{"sessionId": "debug-session", "runId": "pre-fix", "hypothesisId": "H1", "location": "shors-alg.ipynb:c_amod15", "message": "computed exponent", "data": {"a": 2, "power": 1, "exponent": 4}, "timestamp": 1769502726783}
{"sessionId": "debug-session", "runId": "pre-fix", "hypothesisId": "H3", "location": "shors-alg.ipynb:build_shor_circuit_for_15", "message": "applying controlled multiplication", "data": {"a": 2, "j": 2, "t": 4}, "timestamp": 1769502726788}
{"sessionId": "debug-session", "runId": "pre-fix", "hypothesisId": "H1", "location": "shors-alg.ipynb:c_amod15", "message": "computed exponent", "data": {"a": 2, "power": 2, "exponent": 1}, "timestamp": 1769502726789}
{"sessionId": "debug-session", "runId": "post-fix", "hypothesisId": "H5", "location": "shors-alg.ipynb:c_amod15", "message": "identity exponent branch taken", "data": {"a": 2, "power": 2, "exponent": 1}, "timestamp": 1769502726790}
{"sessionId": "debug-session", "runId": "pre-fix", "hypothesisId": "H3", "location": "shors-alg.ipynb:build_shor_circuit_for_15", "message": "applying controlled multiplication", "data": {"a": 2, "j": 3, "t": 4}, "timestamp": 1769502726794}
{"sessionId": "debug-session", "runId": "pre-fix", "hypothesisId": "H1", "location": "shors-alg.ipynb:c_amod15", "message": "computed exponent", "data": {"a": 2, "power": 3, "exponent": 1}, "timestamp": 1769502726794}
{"sessionId": "debug-session", "runId": "post-fix", "hypothesisId": "H5", "location": "shors-alg.ipynb:c_amod15", "message": "identity exponent branch taken", "data": {"a": 2, "power": 3, "exponent": 1}, "timestamp": 1769502726795}
{"sessionId": "debug-session", "runId": "pre-fix", "hypothesisId": "H3", "location": "shors-alg.ipynb:build_shor_circuit_for_15", "message": "applying controlled multiplication", "data": {"a": 13, "j": 0, "t": 8}, "timestamp": 1769502726860}
{"sessionId": "debug-session", "runId": "pre-fix", "hypothesisId": "H1", "location": "shors-alg.ipynb:c_amod15", "message": "computed exponent", "data": {"a": 13, "power": 0, "exponent": 13}, "timestamp": 1769502726861}
{"sessionId": "debug-session", "runId": "pre-fix", "hypothesisId": "H3", "location": "shors-alg.ipynb:build_shor_circuit_for_15", "message": "applying controlled multiplication", "data": {"a": 13, "j": 1, "t": 8}, "timestamp": 1769502726877}
{"sessionId": "debug-session", "runId": "pre-fix", "hypothesisId": "H1", "location": "shors-alg.ipynb:c_amod15", "message": "computed exponent", "data": {"a": 13, "power": 1, "exponent": 4}, "timestamp": 1769502726878}
{"sessionId": "debug-session", "runId": "pre-fix", "hypothesisId": "H3", "location": "shors-alg.ipynb:build_shor_circuit_for_15", "message": "applying controlled multiplication", "data": {"a": 13, "j": 2, "t": 8}, "timestamp": 1769502726908}
{"sessionId": "debug-session", "runId": "pre-fix", "hypothesisId": "H1", "location": "shors-alg.ipynb:c_amod15", "message": "computed exponent", "data": {"a": 13, "power": 2, "exponent": 1}, "timestamp": 1769502726912}
{"sessionId": "debug-session", "runId": "post-fix", "hypothesisId": "H5", "location": "shors-alg.ipynb:c_amod15", "message": "identity exponent branch taken", "data": {"a": 13, "power": 2, "exponent": 1}, "timestamp": 1769502726914}
{"sessionId": "debug-session", "runId": "pre-fix", "hypothesisId": "H3", "location": "shors-alg.ipynb:build_shor_circuit_for_15", "message": "applying controlled multiplication", "data": {"a": 13, "j": 3, "t": 8}, "timestamp": 1769502726918}
{"sessionId": "debug-session", "runId": "pre-fix", "hypothesisId": "H1", "location": "shors-alg.ipynb:c_amod15", "message": "computed exponent", "data": {"a": 13, "power": 3, "exponent": 1}, "timestamp": 1769502726924}
{"sessionId": "debug-session", "runId": "post-fix", "hypothesisId": "H5", "location": "shors-alg.ipynb:c_amod15", "message": "identity exponent branch taken", "data": {"a": 13, "power": 3, "exponent": 1}, "timestamp": 1769502726926}
{"sessionId": "debug-session", "runId": "pre-fix", "hypothesisId": "H3", "location": "shors-alg.ipynb:build_shor_circuit_for_15", "message": "applying controlled multiplication", "data": {"a": 13, "j": 4, "t": 8}, "timestamp": 1769502726926}
{"sessionId": "debug-session", "runId": "pre-fix", "hypothesisId": "H1", "location": "shors-alg.ipynb:c_amod15", "message": "computed exponent", "data": {"a": 13, "power": 4, "exponent": 1}, "timestamp": 1769502726931}
{"sessionId": "debug-session", "runId": "post-fix", "hypothesisId": "H5", "location": "shors-alg.ipynb:c_amod15", "message": "identity exponent branch taken", "data": {"a": 13, "power": 4, "exponent": 1}, "timestamp": 1769502726931}
{"sessionId": "debug-session", "runId": "pre-fix", "hypothesisId": "H3", "location": "shors-alg.ipynb:build_shor_circuit_for_15", "message": "applying controlled multiplication", "data": {"a": 13, "j": 5, "t": 8}, "timestamp": 1769502726935}
{"sessionId": "debug-session", "runId": "pre-fix", "hypothesisId": "H1", "location": "shors-alg.ipynb:c_amod15", "message": "computed exponent", "data": {"a": 13, "power": 5, "exponent": 1}, "timestamp": 1769502726936}
{"sessionId": "debug-session", "runId": "post-fix", "hypothesisId": "H5", "location": "shors-alg.ipynb:c_amod15", "message": "identity exponent branch taken", "data": {"a": 13, "power": 5, "exponent": 1}, "timestamp": 1769502726937}
{"sessionId": "debug-session", "runId": "pre-fix", "hypothesisId": "H3", "location": "shors-alg.ipynb:build_shor_circuit_for_15", "message": "applying controlled multiplication", "data": {"a": 13, "j": 6, "t": 8}, "timestamp": 1769502726946}
{"sessionId": "debug-session", "runId": "pre-fix", "hypothesisId": "H1", "location": "shors-alg.ipynb:c_amod15", "message": "computed exponent", "data": {"a": 13, "power": 6, "exponent": 1}, "timestamp": 1769502726947}
{"sessionId": "debug-session", "runId": "post-fix", "hypothesisId": "H5", "location": "shors-alg.ipynb:c_amod15", "message": "identity exponent branch taken", "data": {"a": 13, "power": 6, "exponent": 1}, "timestamp": 1769502726957}
{"sessionId": "debug-session", "runId": "pre-fix", "hypothesisId": "H3", "location": "shors-alg.ipynb:build_shor_circuit_for_15", "message": "applying controlled multiplication", "data": {"a": 13, "j": 7, "t": 8}, "timestamp": 1769502726957}
{"sessionId": "debug-session", "runId": "pre-fix", "hypothesisId": "H1", "location": "shors-alg.ipynb:c_amod15", "message": "computed exponent", "data": {"a": 13, "power": 7, "exponent": 1}, "timestamp": 1769502726965}
{"sessionId": "debug-session", "runId": "post-fix", "hypothesisId": "H5", "location": "shors-alg.ipynb:c_amod15", "message": "identity exponent branch taken", "data": {"a": 13, "power": 7, "exponent": 1}, "timestamp": 1769502726967}
{"sessionId": "debug-session", "runId": "order-finding", "hypothesisId": "H6", "location": "shors-alg.ipynb:run_shor_demo_on_15", "message": "phase estimate and counts", "data": {"attempt": 1, "a": 13, "t": 8, "best_bitstring": "11000000", "phase_estimate": 0.75, "shots": 4096}, "timestamp": 1769502727469}
{"sessionId": "debug-session", "runId": "order-finding", "hypothesisId": "H7", "location": "shors-alg.ipynb:run_shor_demo_on_15", "message": "found candidate order", "data": {"attempt": 1, "a": 13, "r": 4, "phase_estimate": 0.75}, "timestamp": 1769502727472}
{"sessionId": "debug-session", "runId": "pre-fix", "hypothesisId": "H3", "location": "shors-alg.ipynb:build_shor_circuit_for_15", "message": "applying controlled multiplication", "data": {"a": 2, "j": 0, "t": 4}, "timestamp": 1769502727500}
{"sessionId": "debug-session", "runId": "pre-fix", "hypothesisId": "H1", "location": "shors-alg.ipynb:c_amod15", "message": "computed exponent", "data": {"a": 2, "power": 0, "exponent": 2}, "timestamp": 1769502727502}
{"sessionId": "debug-session", "runId": "pre-fix", "hypothesisId": "H3", "location": "shors-alg.ipynb:build_shor_circuit_for_15", "message": "applying controlled multiplication", "data": {"a": 2, "j": 1, "t": 4}, "timestamp": 1769502727508}
{"sessionId": "debug-session", "runId": "pre-fix", "hypothesisId": "H1", "location": "shors-alg.ipynb:c_amod15", "message": "computed exponent", "data": {"a": 2, "power": 1, "exponent": 4}, "timestamp": 1769502727508}
{"sessionId": "debug-session", "runId": "pre-fix", "hypothesisId": "H3", "location": "shors-alg.ipynb:build_shor_circuit_for_15", "message": "applying controlled multiplication", "data": {"a": 2, "j": 2, "t": 4}, "timestamp": 1769502727514}
{"sessionId": "debug-session", "runId": "pre-fix", "hypothesisId": "H1", "location": "shors-alg.ipynb:c_amod15", "message": "computed exponent", "data": {"a": 2, "power": 2, "exponent": 1}, "timestamp": 1769502727514}
{"sessionId": "debug-session", "runId": "post-fix", "hypothesisId": "H5", "location": "shors-alg.ipynb:c_amod15", "message": "identity exponent branch taken", "data": {"a": 2, "power": 2, "exponent": 1}, "timestamp": 1769502727514}
{"sessionId": "debug-session", "runId": "pre-fix", "hypothesisId": "H3", "location": "shors-alg.ipynb:build_shor_circuit_for_15", "message": "applying controlled multiplication", "data": {"a": 2, "j": 3, "t": 4}, "timestamp": 1769502727517}
{"sessionId": "debug-session", "runId": "pre-fix", "hypothesisId": "H1", "location": "shors-alg.ipynb:c_amod15", "message": "computed exponent", "data": {"a": 2, "power": 3, "exponent": 1}, "timestamp": 1769502727517}
{"sessionId": "debug-session", "runId": "post-fix", "hypothesisId": "H5", "location": "shors-alg.ipynb:c_amod15", "message": "identity exponent branch taken", "data": {"a": 2, "power": 3, "exponent": 1}, "timestamp": 1769502727517}
{"sessionId": "debug-session", "runId": "pre-fix", "hypothesisId": "H3", "location": "shors-alg.ipynb:build_shor_circuit_for_15", "message": "applying controlled multiplication", "data": {"a": 2, "j": 0, "t": 4}, "timestamp": 1769502732560}
{"sessionId": "debug-session", "runId": "pre-fix", "hypothesisId": "H1", "location": "shors-alg.ipynb:c_amod15", "message": "computed exponent", "data": {"a": 2, "power": 0, "exponent": 2}, "timestamp": 1769502732561}
{"sessionId": "debug-session", "runId": "pre-fix", "hypothesisId": "H3", "location": "shors-alg.ipynb:build_shor_circuit_for_15", "message": "applying controlled multiplication", "data": {"a": 2, "j": 1, "t": 4}, "timestamp": 1769502732567}
{"sessionId": "debug-session", "runId": "pre-fix", "hypothesisId": "H1", "location": "shors-alg.ipynb:c_amod15", "message": "computed exponent", "data": {"a": 2, "power": 1, "exponent": 4}, "timestamp": 1769502732568}
{"sessionId": "debug-session", "runId": "pre-fix", "hypothesisId": "H3", "location": "shors-alg.ipynb:build_shor_circuit_for_15", "message": "applying controlled multiplication", "data": {"a": 2, "j": 2, "t": 4}, "timestamp": 1769502732575}
{"sessionId": "debug-session", "runId": "pre-fix", "hypothesisId": "H1", "location": "shors-alg.ipynb:c_amod15", "message": "computed exponent", "data": {"a": 2, "power": 2, "exponent": 1}, "timestamp": 1769502732575}
{"sessionId": "debug-session", "runId": "post-fix", "hypothesisId": "H5", "location": "shors-alg.ipynb:c_amod15", "message": "identity exponent branch taken", "data": {"a": 2, "power": 2, "exponent": 1}, "timestamp": 1769502732575}
{"sessionId": "debug-session", "runId": "pre-fix", "hypothesisId": "H3", "location": "shors-alg.ipynb:build_shor_circuit_for_15", "message": "applying controlled multiplication", "data": {"a": 2, "j": 3, "t": 4}, "timestamp": 1769502732580}
{"sessionId": "debug-session", "runId": "pre-fix", "hypothesisId": "H1", "location": "shors-alg.ipynb:c_amod15", "message": "computed exponent", "data": {"a": 2, "power": 3, "exponent": 1}, "timestamp": 1769502732580}
{"sessionId": "debug-session", "runId": "post-fix", "hypothesisId": "H5", "location": "shors-alg.ipynb:c_amod15", "message": "identity exponent branch taken", "data": {"a": 2, "power": 3, "exponent": 1}, "timestamp": 1769502732581}
{"sessionId": "debug-session", "runId": "pre-fix", "hypothesisId": "H3", "location": "shors-alg.ipynb:build_shor_circuit_for_15", "message": "applying controlled multiplication", "data": {"a": 13, "j": 0, "t": 8}, "timestamp": 1769502732630}
{"sessionId": "debug-session", "runId": "pre-fix", "hypothesisId": "H1", "location": "shors-alg.ipynb:c_amod15", "message": "computed exponent", "data": {"a": 13, "power": 0, "exponent": 13}, "timestamp": 1769502732630}
{"sessionId": "debug-session", "runId": "pre-fix", "hypothesisId": "H3", "location": "shors-alg.ipynb:build_shor_circuit_for_15", "message": "applying controlled multiplication", "data": {"a": 13, "j": 1, "t": 8}, "timestamp": 1769502732640}
{"sessionId": "debug-session", "runId": "pre-fix", "hypothesisId": "H1", "location": "shors-alg.ipynb:c_amod15", "message": "computed exponent", "data": {"a": 13, "power": 1, "exponent": 4}, "timestamp": 1769502732641}
{"sessionId": "debug-session", "runId": "pre-fix", "hypothesisId": "H3", "location": "shors-alg.ipynb:build_shor_circuit_for_15", "message": "applying controlled multiplication", "data": {"a": 13, "j": 2, "t": 8}, "timestamp": 1769502732660}
{"sessionId": "debug-session", "runId": "pre-fix", "hypothesisId": "H1", "location": "shors-alg.ipynb:c_amod15", "message": "computed exponent", "data": {"a": 13, "power": 2, "exponent": 1}, "timestamp": 1769502732660}
{"sessionId": "debug-session", "runId": "post-fix", "hypothesisId": "H5", "location": "shors-alg.ipynb:c_amod15", "message": "identity exponent branch taken", "data": {"a": 13, "power": 2, "exponent": 1}, "timestamp": 1769502732660}
{"sessionId": "debug-session", "runId": "pre-fix", "hypothesisId": "H3", "location": "shors-alg.ipynb:build_shor_circuit_for_15", "message": "applying controlled multiplication", "data": {"a": 13, "j": 3, "t": 8}, "timestamp": 1769502732669}
{"sessionId": "debug-session", "runId": "pre-fix", "hypothesisId": "H1", "location": "shors-alg.ipynb:c_amod15", "message": "computed exponent", "data": {"a": 13, "power": 3, "exponent": 1}, "timestamp": 1769502732669}
{"sessionId": "debug-session", "runId": "post-fix", "hypothesisId": "H5", "location": "shors-alg.ipynb:c_amod15", "message": "identity exponent branch taken", "data": {"a": 13, "power": 3, "exponent": 1}, "timestamp": 1769502732669}
{"sessionId": "debug-session", "runId": "pre-fix", "hypothesisId": "H3", "location": "shors-alg.ipynb:build_shor_circuit_for_15", "message": "applying controlled multiplication", "data": {"a": 13, "j": 4, "t": 8}, "timestamp": 1769502732677}
{"sessionId": "debug-session", "runId": "pre-fix", "hypothesisId": "H1", "location": "shors-alg.ipynb:c_amod15", "message": "computed exponent", "data": {"a": 13, "power": 4, "exponent": 1}, "timestamp": 1769502732677}
{"sessionId": "debug-session", "runId": "post-fix", "hypothesisId": "H5", "location": "shors-alg.ipynb:c_amod15", "message": "identity exponent branch taken", "data": {"a": 13, "power": 4, "exponent": 1}, "timestamp": 1769502732678}
{"sessionId": "debug-session", "runId": "pre-fix", "hypothesisId": "H3", "location": "shors-alg.ipynb:build_shor_circuit_for_15", "message": "applying controlled multiplication", "data": {"a": 13, "j": 5, "t": 8}, "timestamp": 1769502732680}
{"sessionId": "debug-session", "runId": "pre-fix", "hypothesisId": "H1", "location": "shors-alg.ipynb:c_amod15", "message": "computed exponent", "data": {"a": 13, "power": 5, "exponent": 1}, "timestamp": 1769502732680}
{"sessionId": "debug-session", "runId": "post-fix", "hypothesisId": "H5", "location": "shors-alg.ipynb:c_amod15", "message": "identity exponent branch taken", "data": {"a": 13, "power": 5, "exponent": 1}, "timestamp": 1769502732681}
{"sessionId": "debug-session", "runId": "pre-fix", "hypothesisId": "H3", "location": "shors-alg.ipynb:build_shor_circuit_for_15", "message": "applying controlled multiplication", "data": {"a": 13, "j": 6, "t": 8}, "timestamp": 1769502732685}
{"sessionId": "debug-session", "runId": "pre-fix", "hypothesisId": "H1", "location": "shors-alg.ipynb:c_amod15", "message": "computed exponent", "data": {"a": 13, "power": 6, "exponent": 1}, "timestamp": 1769502732685}
{"sessionId": "debug-session", "runId": "post-fix", "hypothesisId": "H5", "location": "shors-alg.ipynb:c_amod15", "message": "identity exponent branch taken", "data": {"a": 13, "power": 6, "exponent": 1}, "timestamp": 1769502732686}
{"sessionId": "debug-session", "runId": "pre-fix", "hypothesisId": "H3", "location": "shors-alg.ipynb:build_shor_circuit_for_15", "message": "applying controlled multiplication", "data": {"a": 13, "j": 7, "t": 8}, "timestamp": 1769502732689}
{"sessionId": "debug-session", "runId": "pre-fix", "hypothesisId": "H1", "location": "shors-alg.ipynb:c_amod15", "message": "computed exponent", "data": {"a": 13, "power": 7, "exponent": 1}, "timestamp": 1769502732690}
{"sessionId": "debug-session", "runId": "post-fix", "hypothesisId": "H5", "location": "shors-alg.ipynb:c_amod15", "message": "identity exponent branch taken", "data": {"a": 13, "power": 7, "exponent": 1}, "timestamp": 1769502732692}
{"sessionId": "debug-session", "runId": "order-finding", "hypothesisId": "H6", "location": "shors-alg.ipynb:run_shor_demo_on_15", "message": "phase estimate and counts", "data": {"attempt": 1, "a": 13, "t": 8, "best_bitstring": "01000000", "phase_estimate": 0.25, "shots": 4096}, "timestamp": 1769502733350}
{"sessionId": "debug-session", "runId": "order-finding", "hypothesisId": "H7", "location": "shors-alg.ipynb:run_shor_demo_on_15", "message": "found candidate order", "data": {"attempt": 1, "a": 13, "r": 4, "phase_estimate": 0.25}, "timestamp": 1769502733350}
{"sessionId": "debug-session", "runId": "pre-fix", "hypothesisId": "H3", "location": "shors-alg.ipynb:build_shor_circuit_for_15", "message": "applying controlled multiplication", "data": {"a": 2, "j": 0, "t": 4}, "timestamp": 1769502733374}
{"sessionId": "debug-session", "runId": "pre-fix", "hypothesisId": "H1", "location": "shors-alg.ipynb:c_amod15", "message": "computed exponent", "data": {"a": 2, "power": 0, "exponent": 2}, "timestamp": 1769502733374}
{"sessionId": "debug-session", "runId": "pre-fix", "hypothesisId": "H3", "location": "shors-alg.ipynb:build_shor_circuit_for_15", "message": "applying controlled multiplication", "data": {"a": 2, "j": 1, "t": 4}, "timestamp": 1769502733379}
{"sessionId": "debug-session", "runId": "pre-fix", "hypothesisId": "H1", "location": "shors-alg.ipynb:c_amod15", "message": "computed exponent", "data": {"a": 2, "power": 1, "exponent": 4}, "timestamp": 1769502733380}
{"sessionId": "debug-session", "runId": "pre-fix", "hypothesisId": "H3", "location": "shors-alg.ipynb:build_shor_circuit_for_15", "message": "applying controlled multiplication", "data": {"a": 2, "j": 2, "t": 4}, "timestamp": 1769502733383}
{"sessionId": "debug-session", "runId": "pre-fix", "hypothesisId": "H1", "location": "shors-alg.ipynb:c_amod15", "message": "computed exponent", "data": {"a": 2, "power": 2, "exponent": 1}, "timestamp": 1769502733385}
{"sessionId": "debug-session", "runId": "post-fix", "hypothesisId": "H5", "location": "shors-alg.ipynb:c_amod15", "message": "identity exponent branch taken", "data": {"a": 2, "power": 2, "exponent": 1}, "timestamp": 1769502733386}
{"sessionId": "debug-session", "runId": "pre-fix", "hypothesisId": "H3", "location": "shors-alg.ipynb:build_shor_circuit_for_15", "message": "applying controlled multiplication", "data": {"a": 2, "j": 3, "t": 4}, "timestamp": 1769502733388}
{"sessionId": "debug-session", "runId": "pre-fix", "hypothesisId": "H1", "location": "shors-alg.ipynb:c_amod15", "message": "computed exponent", "data": {"a": 2, "power": 3, "exponent": 1}, "timestamp": 1769502733389}
{"sessionId": "debug-session", "runId": "post-fix", "hypothesisId": "H5", "location": "shors-alg.ipynb:c_amod15", "message": "identity exponent branch taken", "data": {"a": 2, "power": 3, "exponent": 1}, "timestamp": 1769502733391}
